{
  "type": "exam",
  "examBody": [
    {
      "type": "question",
      "contentFormatted": "Case 0 - Information: This document was created in MS Word 2016 with default template settings except where noted otherwise. Margins are ‘normal’ with 2.54cm all sides. Image compression was turned off in file>options>advanced>image size and quality. The ‘Normal’ font style is used throughout. The Normal font was changed from Aptos to Times New Roman size 12. Default line spacing is single with 0pt spacing at the end of paragraphs.",
      "marks": 1,
      "answers": [
        {
          "type": "answer",
          "contentFormatted": "First answer"
        },
        {
          "type": "answer",
          "contentFormatted": "Second answer"
        },
        {
          "type": "answer",
          "contentFormatted": "Third answer"
        },
        {
          "type": "answer",
          "contentFormatted": "Fourth answer"
        },
        {
          "type": "answer",
          "contentFormatted": "Fifth answer"
        }
      ]
    },
    {
      "type": "question",
      "contentFormatted": "Case 1 - Minimal Question: Only required formatting and the typical five answer options.",
      "marks": 1,
      "answers": [
        {
          "type": "answer",
          "contentFormatted": "First answer"
        },
        {
          "type": "answer",
          "contentFormatted": "Second answer"
        },
        {
          "type": "answer",
          "contentFormatted": "Third answer"
        },
        {
          "type": "answer",
          "contentFormatted": "Fourth answer"
        },
        {
          "type": "answer",
          "contentFormatted": "Fifth answer"
        }
      ]
    },
    {
      "type": "question",
      "contentFormatted": "Case 2 - Soft returns<br>Should allow line breaks within the question body like this line.<br><br>And this one after two soft returns.",
      "marks": 1,
      "answers": [
        {
          "type": "answer",
          "contentFormatted": "Answers should allow line breaks in the same way<br>Like this, without causing issues with answer separation."
        },
        {
          "type": "answer",
          "contentFormatted": "Should be the same for any answer.<br>Another new line."
        },
        {
          "type": "answer",
          "contentFormatted": "Third answer"
        },
        {
          "type": "answer",
          "contentFormatted": "Fourth answer"
        },
        {
          "type": "answer",
          "contentFormatted": "Last answer<br>new lines should work too."
        }
      ]
    },
    {
      "type": "question",
      "contentFormatted": "Case 3 - Font modifiers: <strong>bold</strong> <em>italic</em> <u>underline</u> <em><strong>bold-italic</strong></em> <u><strong>bold-underline</strong></u> <u><em>italic-</em></u><u><em>underline</em></u> <u><em><strong>bold-italic-underline.</strong></em></u>",
      "marks": 1,
      "answers": [
        {
          "type": "answer",
          "contentFormatted": "<strong>Bold</strong><strong> answer</strong>"
        },
        {
          "type": "answer",
          "contentFormatted": "<em>Italic</em><em> answer</em>"
        },
        {
          "type": "answer",
          "contentFormatted": "<u>Underline</u><u> answer</u>"
        },
        {
          "type": "answer",
          "contentFormatted": "<em><strong>Bold-italic</strong></em><em><strong> answer</strong></em>"
        },
        {
          "type": "answer",
          "contentFormatted": "<u><em>I</em></u><u><em>tal</em></u><u><em>ic-underline</em></u><u><em> answer</em></u>"
        }
      ]
    },
    {
      "type": "question",
      "contentFormatted": "Case 4 - Special font modifiers: <sup>Superscript</sup> <sub>subscript</sub> strikethrough.",
      "marks": 1,
      "answers": [
        {
          "type": "answer",
          "contentFormatted": "<sub>Superscript</sub> answer"
        },
        {
          "type": "answer",
          "contentFormatted": "<sup>S</sup><sup>ubscript</sup> answer"
        },
        {
          "type": "answer",
          "contentFormatted": "Strikethrough answer"
        },
        {
          "type": "answer",
          "contentFormatted": "Fourth answer"
        },
        {
          "type": "answer",
          "contentFormatted": "Fifth answer"
        }
      ]
    },
    {
      "type": "question",
      "contentFormatted": "Case 5 - Inline Equations: [math:math-4]",
      "marks": 1,
      "answers": [
        {
          "type": "answer",
          "contentFormatted": "First answer: [math:math-5]"
        },
        {
          "type": "answer",
          "contentFormatted": "Second answer: [math:math-6]"
        },
        {
          "type": "answer",
          "contentFormatted": "Third answer: [math:math-7]"
        },
        {
          "type": "answer",
          "contentFormatted": "Fourth answer: [math:math-8]"
        },
        {
          "type": "answer",
          "contentFormatted": "Fifth answer: [math:math-9]"
        }
      ]
    },
    {
      "type": "question",
      "contentFormatted": "Case 6 - ‘Block Equations’:<br>[math:math-0]",
      "marks": 1,
      "answers": [
        {
          "type": "answer",
          "contentFormatted": "First answer:<br>[math:math-1]"
        },
        {
          "type": "answer",
          "contentFormatted": "Second answer<br>[math:math-2]"
        },
        {
          "type": "answer",
          "contentFormatted": "Third answer:<br>[math:math-3]"
        },
        {
          "type": "answer",
          "contentFormatted": "Fourth answer"
        },
        {
          "type": "answer",
          "contentFormatted": "Fifth answer"
        }
      ]
    },
    {
      "type": "question",
      "contentFormatted": "Case 7 - Symbols:<br>Word allows insertion of symbols like omega Ω, Pi ℿ, and Sigma Σ..",
      "marks": 1,
      "answers": [
        {
          "type": "answer",
          "contentFormatted": "First answer ∞ infinity"
        },
        {
          "type": "answer",
          "contentFormatted": "Second answer µ myu."
        },
        {
          "type": "answer",
          "contentFormatted": "Third answer"
        },
        {
          "type": "answer",
          "contentFormatted": "Fourth answer"
        },
        {
          "type": "answer",
          "contentFormatted": "Fifth answer"
        }
      ]
    },
    {
      "type": "question",
      "contentFormatted": "Case 8 - Code blocks are typically simply displayed by using Courier New font.in size 10.<br>This line shows <span data-font-family=\"'Courier New', Courier, monospace\" style=\"font-family: 'Courier New', Courier, monospace\">a code block by manually setting font </span><span data-font-family=\"'Courier New', Courier, monospace\" style=\"font-family: 'Courier New', Courier, monospace\">to Courier New and size 1</span><span data-font-family=\"'Courier New', Courier, monospace\" style=\"font-family: 'Courier New', Courier, monospace\">0</span><span data-font-family=\"'Courier New', Courier, monospace\" style=\"font-family: 'Courier New', Courier, monospace\">.</span><br>Note applying font settings via MS Word styles applies to paragraphs at a time so that will be tested in answers since we can’t split the question body into paragraphs.",
      "marks": 1,
      "answers": [
        {
          "type": "answer",
          "contentFormatted": "First answer shows a code block via a document style that is based on the ‘Normal’ style but font set to Courier New size 10."
        },
        {
          "type": "answer",
          "contentFormatted": "Second answer has <span data-font-family=\"'Courier New', Courier, monospace\" style=\"font-family: 'Courier New', Courier, monospace\">a code block by manually setting font to Courier New and size 10.</span>"
        },
        {
          "type": "answer",
          "contentFormatted": "Third answer"
        },
        {
          "type": "answer",
          "contentFormatted": "Fourth answer"
        },
        {
          "type": "answer",
          "contentFormatted": "Fifth answer"
        }
      ]
    },
    {
      "type": "question",
      "contentFormatted": "Case 9 – Different marks: Any positive numerical marks value within reason should be handled, at least to the nearest 0.25 or preferably 0.1 mark. This question was set to 2.25 marks.",
      "marks": 2.25,
      "answers": [
        {
          "type": "answer",
          "contentFormatted": "First answer"
        },
        {
          "type": "answer",
          "contentFormatted": "Second answer"
        },
        {
          "type": "answer",
          "contentFormatted": "Third answer"
        },
        {
          "type": "answer",
          "contentFormatted": "Fourth answer"
        },
        {
          "type": "answer",
          "contentFormatted": "Fifth answer"
        }
      ]
    },
    {
      "type": "question",
      "contentFormatted": "Case 10 - Question with table: Tables are not supported but should not break the rest of import process, even if this question does not import correctly. Ideally the user is notified that a table was detected but not imported to check the relevant question, ideally replace the table with an image and re-import.",
      "marks": 1,
      "answers": [
        {
          "type": "answer",
          "contentFormatted": "This would be part of the question body but tables in MS Word start with a new paragraph, which may cause issues in importing this question."
        },
        {
          "type": "answer",
          "contentFormatted": "First answer"
        },
        {
          "type": "answer",
          "contentFormatted": "Second answer"
        },
        {
          "type": "answer",
          "contentFormatted": "Third answer"
        },
        {
          "type": "answer",
          "contentFormatted": "Fourth answer"
        },
        {
          "type": "answer",
          "contentFormatted": "Fifth answer"
        }
      ]
    },
    {
      "type": "question",
      "contentFormatted": "Case 11 - Normal question: Just to show previous questions import did not break this one.",
      "marks": 1,
      "answers": [
        {
          "type": "answer",
          "contentFormatted": "First answer"
        },
        {
          "type": "answer",
          "contentFormatted": "Second answer"
        },
        {
          "type": "answer",
          "contentFormatted": "Third answer"
        },
        {
          "type": "answer",
          "contentFormatted": "Fourth answer"
        },
        {
          "type": "answer",
          "contentFormatted": "Fifth answer"
        }
      ]
    }
  ],
  "mathRegistry": {
    "math-4": {
      "type": "omml",
      "originalXml": "<m:oMath><m:r><w:rPr><w:rFonts w:ascii=\"Cambria Math\" w:hAnsi=\"Cambria Math\"/><w:lang w:val=\"en-GB\"/></w:rPr><m:t>a</m:t></m:r><m:sSup><m:sSupPr><m:ctrlPr><w:rPr><w:rFonts w:ascii=\"Cambria Math\" w:hAnsi=\"Cambria Math\"/><w:i/><w:lang w:val=\"en-GB\"/></w:rPr></m:ctrlPr></m:sSupPr><m:e><m:r><w:rPr><w:rFonts w:ascii=\"Cambria Math\" w:hAnsi=\"Cambria Math\"/><w:lang w:val=\"en-GB\"/></w:rPr><m:t>x</m:t></m:r></m:e><m:sup><m:r><w:rPr><w:rFonts w:ascii=\"Cambria Math\" w:hAnsi=\"Cambria Math\"/><w:lang w:val=\"en-GB\"/></w:rPr><m:t>2</m:t></m:r></m:sup></m:sSup><m:r><w:rPr><w:rFonts w:ascii=\"Cambria Math\" w:hAnsi=\"Cambria Math\"/><w:lang w:val=\"en-GB\"/></w:rPr><m:t>+bx+c= ?</m:t></m:r></m:oMath>",
      "context": "inline",
      "placeholder": "[math]"
    },
    "math-5": {
      "type": "omml",
      "originalXml": "<m:oMath><m:f><m:fPr><m:ctrlPr><w:rPr><w:rFonts w:ascii=\"Cambria Math\" w:hAnsi=\"Cambria Math\"/><w:i/><w:lang w:val=\"en-GB\"/></w:rPr></m:ctrlPr></m:fPr><m:num><m:r><w:rPr><w:rFonts w:ascii=\"Cambria Math\" w:hAnsi=\"Cambria Math\"/><w:lang w:val=\"en-GB\"/></w:rPr><m:t>-b±</m:t></m:r><m:rad><m:radPr><m:degHide m:val=\"1\"/><m:ctrlPr><w:rPr><w:rFonts w:ascii=\"Cambria Math\" w:hAnsi=\"Cambria Math\"/><w:i/><w:lang w:val=\"en-GB\"/></w:rPr></m:ctrlPr></m:radPr><m:deg/><m:e><m:sSup><m:sSupPr><m:ctrlPr><w:rPr><w:rFonts w:ascii=\"Cambria Math\" w:hAnsi=\"Cambria Math\"/><w:i/><w:lang w:val=\"en-GB\"/></w:rPr></m:ctrlPr></m:sSupPr><m:e><m:r><w:rPr><w:rFonts w:ascii=\"Cambria Math\" w:hAnsi=\"Cambria Math\"/><w:lang w:val=\"en-GB\"/></w:rPr><m:t>b</m:t></m:r></m:e><m:sup><m:r><w:rPr><w:rFonts w:ascii=\"Cambria Math\" w:hAnsi=\"Cambria Math\"/><w:lang w:val=\"en-GB\"/></w:rPr><m:t>2</m:t></m:r></m:sup></m:sSup><m:r><w:rPr><w:rFonts w:ascii=\"Cambria Math\" w:hAnsi=\"Cambria Math\"/><w:lang w:val=\"en-GB\"/></w:rPr><m:t>-4ac</m:t></m:r></m:e></m:rad></m:num><m:den><m:r><w:rPr><w:rFonts w:ascii=\"Cambria Math\" w:hAnsi=\"Cambria Math\"/><w:lang w:val=\"en-GB\"/></w:rPr><m:t>2a</m:t></m:r></m:den></m:f></m:oMath>",
      "context": "inline",
      "placeholder": "[math]"
    },
    "math-6": {
      "type": "omml",
      "originalXml": "<m:oMath><m:nary><m:naryPr><m:chr m:val=\"∑\"/><m:limLoc m:val=\"undOvr\"/><m:ctrlPr><w:rPr><w:rFonts w:ascii=\"Cambria Math\" w:hAnsi=\"Cambria Math\"/><w:i/><w:lang w:val=\"en-GB\"/></w:rPr></m:ctrlPr></m:naryPr><m:sub><m:r><w:rPr><w:rFonts w:ascii=\"Cambria Math\" w:hAnsi=\"Cambria Math\"/><w:lang w:val=\"en-GB\"/></w:rPr><m:t>k=0</m:t></m:r></m:sub><m:sup><m:r><w:rPr><w:rFonts w:ascii=\"Cambria Math\" w:hAnsi=\"Cambria Math\"/><w:lang w:val=\"en-GB\"/></w:rPr><m:t>n-1</m:t></m:r></m:sup><m:e><m:r><w:rPr><w:rFonts w:ascii=\"Cambria Math\" w:hAnsi=\"Cambria Math\"/><w:lang w:val=\"en-GB\"/></w:rPr><m:t>(a+kd)</m:t></m:r></m:e></m:nary></m:oMath>",
      "context": "inline",
      "placeholder": "[math]"
    },
    "math-7": {
      "type": "omml",
      "originalXml": "<m:oMath><m:nary><m:naryPr><m:limLoc m:val=\"subSup\"/><m:ctrlPr><w:rPr><w:rFonts w:ascii=\"Cambria Math\" w:hAnsi=\"Cambria Math\"/><w:i/><w:lang w:val=\"en-GB\"/></w:rPr></m:ctrlPr></m:naryPr><m:sub><m:r><w:rPr><w:rFonts w:ascii=\"Cambria Math\" w:hAnsi=\"Cambria Math\"/><w:lang w:val=\"en-GB\"/></w:rPr><m:t>a</m:t></m:r></m:sub><m:sup><m:r><w:rPr><w:rFonts w:ascii=\"Cambria Math\" w:hAnsi=\"Cambria Math\"/><w:lang w:val=\"en-GB\"/></w:rPr><m:t>b</m:t></m:r></m:sup><m:e><m:sSup><m:sSupPr><m:ctrlPr><w:rPr><w:rFonts w:ascii=\"Cambria Math\" w:hAnsi=\"Cambria Math\"/><w:i/><w:lang w:val=\"en-GB\"/></w:rPr></m:ctrlPr></m:sSupPr><m:e><m:r><w:rPr><w:rFonts w:ascii=\"Cambria Math\" w:hAnsi=\"Cambria Math\"/><w:lang w:val=\"en-GB\"/></w:rPr><m:t>(x-c)</m:t></m:r></m:e><m:sup><m:r><w:rPr><w:rFonts w:ascii=\"Cambria Math\" w:hAnsi=\"Cambria Math\"/><w:lang w:val=\"en-GB\"/></w:rPr><m:t>2</m:t></m:r></m:sup></m:sSup></m:e></m:nary></m:oMath>",
      "context": "inline",
      "placeholder": "[math]"
    },
    "math-8": {
      "type": "omml",
      "originalXml": "<m:oMath><m:acc><m:accPr><m:chr m:val=\"̅\"/><m:ctrlPr><w:rPr><w:rFonts w:ascii=\"Cambria Math\" w:hAnsi=\"Cambria Math\"/><w:i/><w:sz w:val=\"22\"/></w:rPr></m:ctrlPr></m:accPr><m:e><m:acc><m:accPr><m:chr m:val=\"̅\"/><m:ctrlPr><w:rPr><w:rFonts w:ascii=\"Cambria Math\" w:hAnsi=\"Cambria Math\"/><w:i/><w:sz w:val=\"22\"/></w:rPr></m:ctrlPr></m:accPr><m:e><m:r><w:rPr><w:rFonts w:ascii=\"Cambria Math\" w:hAnsi=\"Cambria Math\"/><w:sz w:val=\"22\"/></w:rPr><m:t>(A∙B)</m:t></m:r></m:e></m:acc><m:r><w:rPr><w:rFonts w:ascii=\"Cambria Math\" w:hAnsi=\"Cambria Math\"/><w:sz w:val=\"22\"/></w:rPr><m:t>∙(</m:t></m:r><m:acc><m:accPr><m:chr m:val=\"̅\"/><m:ctrlPr><w:rPr><w:rFonts w:ascii=\"Cambria Math\" w:hAnsi=\"Cambria Math\"/><w:i/><w:sz w:val=\"22\"/></w:rPr></m:ctrlPr></m:accPr><m:e><m:r><w:rPr><w:rFonts w:ascii=\"Cambria Math\" w:hAnsi=\"Cambria Math\"/><w:sz w:val=\"22\"/></w:rPr><m:t>B</m:t></m:r></m:e></m:acc><m:r><w:rPr><w:rFonts w:ascii=\"Cambria Math\" w:hAnsi=\"Cambria Math\"/><w:sz w:val=\"22\"/></w:rPr><m:t>∙C)</m:t></m:r></m:e></m:acc><m:r><w:rPr><w:rFonts w:ascii=\"Cambria Math\" w:hAnsi=\"Cambria Math\"/><w:sz w:val=\"22\"/></w:rPr><m:t xml:space=\"preserve\">+ </m:t></m:r><m:acc><m:accPr><m:chr m:val=\"̅\"/><m:ctrlPr><w:rPr><w:rFonts w:ascii=\"Cambria Math\" w:hAnsi=\"Cambria Math\"/><w:i/><w:sz w:val=\"22\"/></w:rPr></m:ctrlPr></m:accPr><m:e><m:r><w:rPr><w:rFonts w:ascii=\"Cambria Math\" w:hAnsi=\"Cambria Math\"/><w:sz w:val=\"22\"/></w:rPr><m:t>(B∙</m:t></m:r><m:acc><m:accPr><m:chr m:val=\"̅\"/><m:ctrlPr><w:rPr><w:rFonts w:ascii=\"Cambria Math\" w:hAnsi=\"Cambria Math\"/><w:i/><w:sz w:val=\"22\"/></w:rPr></m:ctrlPr></m:accPr><m:e><m:r><w:rPr><w:rFonts w:ascii=\"Cambria Math\" w:hAnsi=\"Cambria Math\"/><w:sz w:val=\"22\"/></w:rPr><m:t>C</m:t></m:r></m:e></m:acc><m:r><w:rPr><w:rFonts w:ascii=\"Cambria Math\" w:hAnsi=\"Cambria Math\"/><w:sz w:val=\"22\"/></w:rPr><m:t>)</m:t></m:r></m:e></m:acc></m:oMath>",
      "context": "inline",
      "placeholder": "[math]"
    },
    "math-9": {
      "type": "omml",
      "originalXml": "<m:oMath><m:acc><m:accPr><m:chr m:val=\"̅\"/><m:ctrlPr><w:rPr><w:rFonts w:ascii=\"Cambria Math\" w:hAnsi=\"Cambria Math\"/><w:i/><w:sz w:val=\"23\"/></w:rPr></m:ctrlPr></m:accPr><m:e><m:r><w:rPr><w:rFonts w:ascii=\"Cambria Math\" w:hAnsi=\"Cambria Math\"/><w:sz w:val=\"23\"/></w:rPr><m:t>A</m:t></m:r></m:e></m:acc><m:r><w:rPr><w:rFonts w:ascii=\"Cambria Math\" w:hAnsi=\"Cambria Math\"/><w:sz w:val=\"23\"/></w:rPr><m:t>∙</m:t></m:r><m:acc><m:accPr><m:chr m:val=\"̅\"/><m:ctrlPr><w:rPr><w:rFonts w:ascii=\"Cambria Math\" w:hAnsi=\"Cambria Math\"/><w:i/><w:sz w:val=\"23\"/></w:rPr></m:ctrlPr></m:accPr><m:e><m:r><w:rPr><w:rFonts w:ascii=\"Cambria Math\" w:hAnsi=\"Cambria Math\"/><w:sz w:val=\"23\"/></w:rPr><m:t>B</m:t></m:r></m:e></m:acc><m:r><w:rPr><w:rFonts w:ascii=\"Cambria Math\" w:hAnsi=\"Cambria Math\"/><w:sz w:val=\"23\"/></w:rPr><m:t>∙C+</m:t></m:r><m:acc><m:accPr><m:chr m:val=\"̅\"/><m:ctrlPr><w:rPr><w:rFonts w:ascii=\"Cambria Math\" w:hAnsi=\"Cambria Math\"/><w:i/><w:sz w:val=\"23\"/></w:rPr></m:ctrlPr></m:accPr><m:e><m:r><w:rPr><w:rFonts w:ascii=\"Cambria Math\" w:hAnsi=\"Cambria Math\"/><w:sz w:val=\"23\"/></w:rPr><m:t>A</m:t></m:r></m:e></m:acc><m:r><w:rPr><w:rFonts w:ascii=\"Cambria Math\" w:hAnsi=\"Cambria Math\"/><w:sz w:val=\"23\"/></w:rPr><m:t>∙B∙C+ A∙B∙</m:t></m:r><m:acc><m:accPr><m:chr m:val=\"̅\"/><m:ctrlPr><w:rPr><w:rFonts w:ascii=\"Cambria Math\" w:hAnsi=\"Cambria Math\"/><w:i/><w:sz w:val=\"23\"/></w:rPr></m:ctrlPr></m:accPr><m:e><m:r><w:rPr><w:rFonts w:ascii=\"Cambria Math\" w:hAnsi=\"Cambria Math\"/><w:sz w:val=\"23\"/></w:rPr><m:t>C</m:t></m:r></m:e></m:acc><m:r><w:rPr><w:rFonts w:ascii=\"Cambria Math\" w:hAnsi=\"Cambria Math\"/><w:sz w:val=\"23\"/></w:rPr><m:t>+ A∙</m:t></m:r><m:acc><m:accPr><m:chr m:val=\"̅\"/><m:ctrlPr><w:rPr><w:rFonts w:ascii=\"Cambria Math\" w:hAnsi=\"Cambria Math\"/><w:i/><w:sz w:val=\"23\"/></w:rPr></m:ctrlPr></m:accPr><m:e><m:r><w:rPr><w:rFonts w:ascii=\"Cambria Math\" w:hAnsi=\"Cambria Math\"/><w:sz w:val=\"23\"/></w:rPr><m:t>B</m:t></m:r></m:e></m:acc><m:r><w:rPr><w:rFonts w:ascii=\"Cambria Math\" w:hAnsi=\"Cambria Math\"/><w:sz w:val=\"23\"/></w:rPr><m:t>∙C</m:t></m:r></m:oMath>",
      "context": "inline",
      "placeholder": "[math]"
    },
    "math-0": {
      "type": "omml",
      "originalXml": "<m:oMath><m:r><w:rPr><w:rFonts w:ascii=\"Cambria Math\" w:hAnsi=\"Cambria Math\"/><w:lang w:val=\"en-GB\"/></w:rPr><m:t>a</m:t></m:r><m:sSup><m:sSupPr><m:ctrlPr><w:rPr><w:rFonts w:ascii=\"Cambria Math\" w:hAnsi=\"Cambria Math\"/><w:i/><w:lang w:val=\"en-GB\"/></w:rPr></m:ctrlPr></m:sSupPr><m:e><m:r><w:rPr><w:rFonts w:ascii=\"Cambria Math\" w:hAnsi=\"Cambria Math\"/><w:lang w:val=\"en-GB\"/></w:rPr><m:t>x</m:t></m:r></m:e><m:sup><m:r><w:rPr><w:rFonts w:ascii=\"Cambria Math\" w:hAnsi=\"Cambria Math\"/><w:lang w:val=\"en-GB\"/></w:rPr><m:t>2</m:t></m:r></m:sup></m:sSup><m:r><w:rPr><w:rFonts w:ascii=\"Cambria Math\" w:hAnsi=\"Cambria Math\"/><w:lang w:val=\"en-GB\"/></w:rPr><m:t>+bx+c= ?</m:t></m:r></m:oMath>",
      "context": "block",
      "placeholder": "[math]"
    },
    "math-1": {
      "type": "omml",
      "originalXml": "<m:oMath><m:f><m:fPr><m:ctrlPr><w:rPr><w:rFonts w:ascii=\"Cambria Math\" w:hAnsi=\"Cambria Math\"/><w:i/><w:lang w:val=\"en-GB\"/></w:rPr></m:ctrlPr></m:fPr><m:num><m:r><w:rPr><w:rFonts w:ascii=\"Cambria Math\" w:hAnsi=\"Cambria Math\"/><w:lang w:val=\"en-GB\"/></w:rPr><m:t>-b±</m:t></m:r><m:rad><m:radPr><m:degHide m:val=\"1\"/><m:ctrlPr><w:rPr><w:rFonts w:ascii=\"Cambria Math\" w:hAnsi=\"Cambria Math\"/><w:i/><w:lang w:val=\"en-GB\"/></w:rPr></m:ctrlPr></m:radPr><m:deg/><m:e><m:sSup><m:sSupPr><m:ctrlPr><w:rPr><w:rFonts w:ascii=\"Cambria Math\" w:hAnsi=\"Cambria Math\"/><w:i/><w:lang w:val=\"en-GB\"/></w:rPr></m:ctrlPr></m:sSupPr><m:e><m:r><w:rPr><w:rFonts w:ascii=\"Cambria Math\" w:hAnsi=\"Cambria Math\"/><w:lang w:val=\"en-GB\"/></w:rPr><m:t>b</m:t></m:r></m:e><m:sup><m:r><w:rPr><w:rFonts w:ascii=\"Cambria Math\" w:hAnsi=\"Cambria Math\"/><w:lang w:val=\"en-GB\"/></w:rPr><m:t>2</m:t></m:r></m:sup></m:sSup><m:r><w:rPr><w:rFonts w:ascii=\"Cambria Math\" w:hAnsi=\"Cambria Math\"/><w:lang w:val=\"en-GB\"/></w:rPr><m:t>-4ac</m:t></m:r></m:e></m:rad></m:num><m:den><m:r><w:rPr><w:rFonts w:ascii=\"Cambria Math\" w:hAnsi=\"Cambria Math\"/><w:lang w:val=\"en-GB\"/></w:rPr><m:t>2a</m:t></m:r></m:den></m:f></m:oMath>",
      "context": "block",
      "placeholder": "[math]"
    },
    "math-2": {
      "type": "omml",
      "originalXml": "<m:oMath><m:nary><m:naryPr><m:chr m:val=\"∑\"/><m:limLoc m:val=\"undOvr\"/><m:ctrlPr><w:rPr><w:rFonts w:ascii=\"Cambria Math\" w:hAnsi=\"Cambria Math\"/><w:i/><w:lang w:val=\"en-GB\"/></w:rPr></m:ctrlPr></m:naryPr><m:sub><m:r><w:rPr><w:rFonts w:ascii=\"Cambria Math\" w:hAnsi=\"Cambria Math\"/><w:lang w:val=\"en-GB\"/></w:rPr><m:t>k=0</m:t></m:r></m:sub><m:sup><m:r><w:rPr><w:rFonts w:ascii=\"Cambria Math\" w:hAnsi=\"Cambria Math\"/><w:lang w:val=\"en-GB\"/></w:rPr><m:t>n-1</m:t></m:r></m:sup><m:e><m:r><w:rPr><w:rFonts w:ascii=\"Cambria Math\" w:hAnsi=\"Cambria Math\"/><w:lang w:val=\"en-GB\"/></w:rPr><m:t>(a+kd)</m:t></m:r></m:e></m:nary></m:oMath>",
      "context": "block",
      "placeholder": "[math]"
    },
    "math-3": {
      "type": "omml",
      "originalXml": "<m:oMath><m:nary><m:naryPr><m:limLoc m:val=\"subSup\"/><m:ctrlPr><w:rPr><w:rFonts w:ascii=\"Cambria Math\" w:hAnsi=\"Cambria Math\"/><w:i/><w:lang w:val=\"en-GB\"/></w:rPr></m:ctrlPr></m:naryPr><m:sub><m:r><w:rPr><w:rFonts w:ascii=\"Cambria Math\" w:hAnsi=\"Cambria Math\"/><w:lang w:val=\"en-GB\"/></w:rPr><m:t>a</m:t></m:r></m:sub><m:sup><m:r><w:rPr><w:rFonts w:ascii=\"Cambria Math\" w:hAnsi=\"Cambria Math\"/><w:lang w:val=\"en-GB\"/></w:rPr><m:t>b</m:t></m:r></m:sup><m:e><m:sSup><m:sSupPr><m:ctrlPr><w:rPr><w:rFonts w:ascii=\"Cambria Math\" w:hAnsi=\"Cambria Math\"/><w:i/><w:lang w:val=\"en-GB\"/></w:rPr></m:ctrlPr></m:sSupPr><m:e><m:r><w:rPr><w:rFonts w:ascii=\"Cambria Math\" w:hAnsi=\"Cambria Math\"/><w:lang w:val=\"en-GB\"/></w:rPr><m:t>(x-c)</m:t></m:r></m:e><m:sup><m:r><w:rPr><w:rFonts w:ascii=\"Cambria Math\" w:hAnsi=\"Cambria Math\"/><w:lang w:val=\"en-GB\"/></w:rPr><m:t>2</m:t></m:r></m:sup></m:sSup></m:e></m:nary></m:oMath>",
      "context": "block",
      "placeholder": "[math]"
    }
  }
}